// Jest Snapshot v1, https://goo.gl/fbAQLP

exports[`UserList component render render correctly UserList component 1`] = `
<div
  className="App"
>
  <div>
    Users:
  </div>
  <div>
    Loading users...
  </div>
</div>
`;
